addyosmani.com
ai.google.dev
airbnb.com
aistudio.google.com
aizdec.me
alt1-mtalk.google.com
alt2-mtalk.google.com
alt3-mtalk.google.com
alt4-mtalk.google.com
alt5-mtalk.google.com
alt6-mtalk.google.com
alt7-mtalk.google.com
alt8-mtalk.google.com
android.googleapis.com
andromeda.io.mi.com
aniboom.one
anthropic.com
api.anthropic.com
api.cerebras.ai
api.curseforge.com
api.github.com
api.groq.com
api.io.mi.com
api.openai.com
api.segment.io
api.together.xyz
api.whatsapp.com
api.x.ai
api2.cursor.sh
api2.mangalib.me
api-dashboard.search.brave.com
app.mi.com
auth.docker.io
auth.openai.com
blog.whatsapp.com
booking.com
botlearn.ai
brawlstars.com
bstatic.com
camo.githubusercontent.com
cdn.growthbook.io
cdn.openai.com
cdn.usefathom.com
cdn.whatsapp.net
cdninstagram.com
cdn-lfs.huggingface.co
cdnlibs.org
cerebras.ai
chat.deepseek.com
chat.mistral.ai
chat.openai.com
chat.whatsapp.com
chatgpt.com
clashofclans.com
clashroyaleapp.com
claude.ai
claude.com
claudemarketplaces.com
clawd.bot
client-auth.curseforge.com
cloud.cerebras.ai
cloud.kodik-cdn.com
cloud.kodik-storage.com
codeload.github.com
console.anthropic.com
console.curseforge.com
contabostorage.com
core.curseforge.com
crates.io
curseforge.com
cursor.com
cursor.sh
deepseek.com
dit.whatsapp.net
docker.com
docker.io
download.curseforge.com
download.cursor.sh
download.microsoft.com
drpc.org
eac-cdn.com
easyanticheat.net
elevenlabs.io
epicgames.com
epicgames.dev
facebook.com
fal.ai
faq.whatsapp.com
fast.io
fast-torrent.ru
fb.com
fbcdn.net
fcm.googleapis.com
figma.com
files.pythonhosted.org
firebaseinstallations.googleapis.com
fortnite.com
fydeos.io
g.whatsapp.net
gemini.google.com
generativelanguage.googleapis.com
genshinimpact.com
ggpht.com
ghcr.io
github.com
github.githubassets.com
github.io
githubusercontent.com
grok.com
groq.com
halocard.co
hangouts.googleapis.com
haydaygame.com
hentaicdn.org
hentailib.me
hentailib.org
hermesdesktop.xyz
hermes-workspace.com
hf.co
honkaiimpact3.com
honkaistarrail.com
hoyolab.com
hoyoverse.com
hub.docker.com
huggingface.co
i.mi.com
ibytedtos.com
ibyteimg.com
img.cdngos.com
imglib.info
imgslib.link
instagram.com
io.mi.com
iplist.opencck.org
isnssdk.com
jtvnw.net
kodik.cc
kodik.info
leagueoflegends.com
lib.social
linkedin.com
live-video.net
loops.elorm.xyz
magnetov.net
makersuite.google.com
mangalib.me
mangalib.org
maps.google.com
maps.googleapis.com
maps.gstatic.com
mcpize.com
media.whatsapp.net
medium.com
mi.com
microsoft.com
mindstudio.ai
mistral.ai
miui.com
mme.whatsapp.net
mmg.whatsapp.net
mms.whatsapp.net
modloaders.forgecdn.net
mtalk.google.com
mtalk4.google.com
muscache.com
muscdn.com
notion.so
npmjs.com
npmjs.org
oaistatic.com
oaiusercontent.com
objects.githubusercontent.com
openai.com
ot.io.mi.com
paypal.com
paypalobjects.com
perplexity.ai
pinimg.com
pkg.go.dev
platform.claude.com
platformio.org
playvalorant.com
poe.com
pps.whatsapp.net
production.cloudflare.docker.com
proxy.golang.org
pscdn.co
pvp.net
pypi.org
pythonhosted.org
raw.githubusercontent.com
registry.npmjs.org
registry-1.docker.io
releases.yourok.ru
replicate.com
rgpub.io
riotcdn.net
riotgames.com
scdn.co
scontent.whatsapp.net
sentry.io
signal.org
smartmycar.com
sndcdn.com
snssdk.com
software.download.prss.microsoft.com
software-download.microsoft.com
spoti.fi
spotifycdn.com
squadbustersgame.com
static.whatsapp.net
statsig.anthropic.com
t.co
together.ai
torlook.info
tparser.org
translate.google.com
translate.googleapis.com
ttvnw.net
twimg.com
twitch.tv
twitchcdn.net
twitter.com
unrealengine.com
v.whatsapp.net
v0.dev
v1.hentailib.org
ventoy.net
vlscppe.microsoft.com
web.whatsapp.com
whatsapp.com
whatsapp.net
wunderground.com
www.facebook.com
www.figma.com
www.instagram.com
www.linkedin.com
www.microsoft.com
www.notion.so
www.perplexity.ai
www.whatsapp.com
x.ai
x.com
xiaomi.com
xiaomiev.com
youtu.be
youtubei.googleapis.com
youtubekids.com
youtube-nocookie.com
yt.be
ytimg.com
zoom.com
zoom.us
zoomgov.com
